// Jest Snapshot v1, https://goo.gl/fbAQLP

exports[`createTable 1`] = `
"const { Migration } = require('tinyrecord');

class CreatePosts extends Migration {
  async change() {
    await this.createTable('posts', {}, t => {
      t.string('title');
      t.timestamps();
    });
  }
}

module.exports = CreatePosts;
"
`;

exports[`migration 1`] = `
"const { Migration } = require('tinyrecord');

class AddTitleToPosts extends Migration {
  async change() {
    await this.addColumn('posts', 'title', 'string');
  }
}

module.exports = AddTitleToPosts;"
`;

exports[`migration 2`] = `
"const { Migration } = require('tinyrecord');

class RemoveTitleFromPosts extends Migration {
  async change() {
    await this.removeColumn('posts', 'title', 'string')
  }
}

module.exports = RemoveTitleFromPosts;"
`;
