// Jest Snapshot v1, https://goo.gl/fbAQLP

exports[`createTable 1`] = `
"const { Migration } = require('tinyrecord');

class CreatePosts extends Migration {
  async change() {
    await this.createTable('posts', {}, t => {
      t.string('title');
      t.timestamps();
    });
  }
}

module.exports = CreatePosts;
"
`;
