// Jest Snapshot v1, https://goo.gl/fbAQLP

exports[`createIndex 1`] = `
"exports.Post = require('./Post');
exports.SearchHistory = require('./SearchHistory');
exports.User = require('./User');
"
`;

exports[`createModel 1`] = `
"const { Base } = require('tinyrecord');

class User extends Base {}
User.tableName = 'users';

module.exports = User;
"
`;

exports[`createModel 2`] = `
"const { Base } = require('tinyrecord');

class SearchHistory extends Base {}
SearchHistory.tableName = 'search_histories';

module.exports = SearchHistory;
"
`;
