// Jest Snapshot v1, https://goo.gl/fbAQLP

exports[`loadMigrations 1`] = `
Array [
  MigrationProxy {
    "filepath": "/Users/cr/Codes/tinyrecord/db/migrate/20170812120950-CreatePosts.js",
    "name": "CreatePosts",
    "scope": undefined,
    "version": "20170812120950",
  },
  MigrationProxy {
    "filepath": "/Users/cr/Codes/tinyrecord/db/migrate/20170812191702-CreateUsers.js",
    "name": "CreateUsers",
    "scope": undefined,
    "version": "20170812191702",
  },
]
`;

exports[`loadMigrations 2`] = `"CreatePosts"`;

exports[`loadMigrations 3`] = `"20170812120950"`;
