// Jest Snapshot v1, https://goo.gl/fbAQLP

exports[`columns 1`] = `
Array [
  Mysql2Column {
    "collation": null,
    "comment": Object {
      "comment": false,
    },
    "default": null,
    "defaultFunction": null,
    "name": "id",
    "nil": false,
    "sqlTypeMetaData": Mysql2SqlTypeMetadata {
      "limit": null,
      "precision": null,
      "scale": null,
      "sqlType": null,
      "type": null,
    },
    "tableName": "users",
  },
  Mysql2Column {
    "collation": "utf8_general_ci",
    "comment": Object {
      "comment": false,
    },
    "default": null,
    "defaultFunction": null,
    "name": "name",
    "nil": true,
    "sqlTypeMetaData": Mysql2SqlTypeMetadata {
      "limit": null,
      "precision": null,
      "scale": null,
      "sqlType": null,
      "type": null,
    },
    "tableName": "users",
  },
  Mysql2Column {
    "collation": "utf8_general_ci",
    "comment": Object {
      "comment": false,
    },
    "default": null,
    "defaultFunction": null,
    "name": "email",
    "nil": true,
    "sqlTypeMetaData": Mysql2SqlTypeMetadata {
      "limit": null,
      "precision": null,
      "scale": null,
      "sqlType": null,
      "type": null,
    },
    "tableName": "users",
  },
  Mysql2Column {
    "collation": null,
    "comment": Object {
      "comment": false,
    },
    "default": null,
    "defaultFunction": null,
    "name": "createdAt",
    "nil": false,
    "sqlTypeMetaData": Mysql2SqlTypeMetadata {
      "limit": null,
      "precision": null,
      "scale": null,
      "sqlType": null,
      "type": null,
    },
    "tableName": "users",
  },
  Mysql2Column {
    "collation": null,
    "comment": Object {
      "comment": false,
    },
    "default": null,
    "defaultFunction": null,
    "name": "updatedAt",
    "nil": false,
    "sqlTypeMetaData": Mysql2SqlTypeMetadata {
      "limit": null,
      "precision": null,
      "scale": null,
      "sqlType": null,
      "type": null,
    },
    "tableName": "users",
  },
]
`;

exports[`group 1`] = `"SELECT \`users\`.* FROM \`users\` GROUP BY name"`;

exports[`limit 1`] = `"SELECT  \`users\`.* FROM \`users\` WHERE \`users\`.\`name\` = 'test' LIMIT 1"`;

exports[`new 1`] = `
Object {
  "createdAt": FromDatabase {
    "name": "createdAt",
    "originalAttribute": Object {},
    "type": Value {
      "limit": null,
      "precision": null,
      "scale": null,
    },
    "valueBeforeTypeCast": null,
  },
  "email": FromUser {
    "name": "email",
    "originalAttribute": Object {},
    "type": Value {
      "limit": null,
      "precision": null,
      "scale": null,
    },
    "valueBeforeTypeCast": "test@example.com",
  },
  "id": FromDatabase {
    "name": "id",
    "originalAttribute": Object {},
    "type": Value {
      "limit": null,
      "precision": null,
      "scale": null,
    },
    "valueBeforeTypeCast": null,
  },
  "name": FromUser {
    "name": "name",
    "originalAttribute": Object {},
    "type": Value {
      "limit": null,
      "precision": null,
      "scale": null,
    },
    "valueBeforeTypeCast": "test",
  },
  "updatedAt": FromDatabase {
    "name": "updatedAt",
    "originalAttribute": Object {},
    "type": Value {
      "limit": null,
      "precision": null,
      "scale": null,
    },
    "valueBeforeTypeCast": null,
  },
}
`;

exports[`new 2`] = `
Object {
  "createdAt": undefined,
  "email": "test@example.com",
  "id": undefined,
  "name": "test",
  "updatedAt": undefined,
}
`;

exports[`offset 1`] = `"SELECT \`users\`.* FROM \`users\` ORDER BY name ASC OFFSET 10"`;

exports[`order 1`] = `"SELECT \`users\`.* FROM \`users\` ORDER BY \`users\`.\`name\` ASC"`;

exports[`order 2`] = `"SELECT \`users\`.* FROM \`users\` ORDER BY \`users\`.\`email\` DESC"`;

exports[`order 3`] = `"SELECT \`users\`.* FROM \`users\` ORDER BY \`users\`.\`name\` ASC, \`users\`.\`email\` DESC"`;

exports[`order 4`] = `"SELECT \`users\`.* FROM \`users\` ORDER BY name"`;

exports[`order 5`] = `"SELECT \`users\`.* FROM \`users\` ORDER BY name DESC"`;

exports[`order 6`] = `"SELECT \`users\`.* FROM \`users\` ORDER BY name DESC, email"`;

exports[`select 1`] = `"SELECT \`users\`.\`name\`, \`users\`.\`email\`, email as user_email FROM \`users\`"`;

exports[`table.type 1`] = `
Value {
  "limit": null,
  "precision": null,
  "scale": null,
}
`;

exports[`table.type 2`] = `
Value {
  "limit": null,
  "precision": null,
  "scale": null,
}
`;

exports[`where 1`] = `"SELECT \`users\`.* FROM \`users\`"`;

exports[`where 2`] = `"SELECT \`users\`.* FROM \`users\` WHERE \`users\`.\`name\` = 'test'"`;

exports[`where 3`] = `"SELECT \`users\`.* FROM \`users\` WHERE \`users\`.\`name\` = 'test' AND \`users\`.\`email\` = 'test@example.com'"`;

exports[`where 4`] = `"SELECT \`users\`.* FROM \`users\` WHERE \`users\`.\`name\` = 'test' AND \`users\`.\`email\` = 'test@example.com'"`;
